// Vitest Snapshot v1

exports[`Card component renders mock data 1`] = `
<div
  className="css-0"
>
  <h2
    className="chakra-text css-0"
  >
    Autumn Roadtrip
  </h2>
  <p
    className="chakra-text css-0"
  >
    1 country, 14 days
  </p>
  <div
    className="chakra-stack css-0"
  >
    <p
      className="chakra-text css-0"
    >
      Emissions offset:
    </p>
    <p
      className="chakra-text css-0"
    >
      3.56 t
       CO
      <sub>
        2
      </sub>
      e
    </p>
  </div>
  <div
    className="chakra-stack css-0"
  >
    <p
      className="chakra-text css-0"
    >
      Trip rating
    </p>
    <div
      className="chakra-stack css-0"
    >
      <div
        className="chakra-stack css-0"
      >
        <svg
          aria-hidden={true}
          className="MuiSvgIcon-root MuiSvgIcon-fontSizeMedium css-i4bv87-MuiSvgIcon-root"
          data-testid="StarIcon"
          focusable="false"
          viewBox="0 0 24 24"
        >
          <path
            d="M12 17.27 18.18 21l-1.64-7.03L22 9.24l-7.19-.61L12 2 9.19 8.63 2 9.24l5.46 4.73L5.82 21z"
          />
        </svg>
        <svg
          aria-hidden={true}
          className="MuiSvgIcon-root MuiSvgIcon-fontSizeMedium css-i4bv87-MuiSvgIcon-root"
          data-testid="StarIcon"
          focusable="false"
          viewBox="0 0 24 24"
        >
          <path
            d="M12 17.27 18.18 21l-1.64-7.03L22 9.24l-7.19-.61L12 2 9.19 8.63 2 9.24l5.46 4.73L5.82 21z"
          />
        </svg>
        <svg
          aria-hidden={true}
          className="MuiSvgIcon-root MuiSvgIcon-fontSizeMedium css-i4bv87-MuiSvgIcon-root"
          data-testid="StarIcon"
          focusable="false"
          viewBox="0 0 24 24"
        >
          <path
            d="M12 17.27 18.18 21l-1.64-7.03L22 9.24l-7.19-.61L12 2 9.19 8.63 2 9.24l5.46 4.73L5.82 21z"
          />
        </svg>
        <svg
          aria-hidden={true}
          className="MuiSvgIcon-root MuiSvgIcon-fontSizeMedium css-i4bv87-MuiSvgIcon-root"
          data-testid="StarIcon"
          focusable="false"
          viewBox="0 0 24 24"
        >
          <path
            d="M12 17.27 18.18 21l-1.64-7.03L22 9.24l-7.19-.61L12 2 9.19 8.63 2 9.24l5.46 4.73L5.82 21z"
          />
        </svg>
        <svg
          aria-hidden={true}
          className="MuiSvgIcon-root MuiSvgIcon-fontSizeMedium css-i4bv87-MuiSvgIcon-root"
          data-testid="StarIcon"
          focusable="false"
          viewBox="0 0 24 24"
        >
          <path
            d="M12 17.27 18.18 21l-1.64-7.03L22 9.24l-7.19-.61L12 2 9.19 8.63 2 9.24l5.46 4.73L5.82 21z"
          />
        </svg>
      </div>
      <p
        className="chakra-text css-0"
      >
        4.7
      </p>
    </div>
  </div>
</div>
`;

exports[`Card component renders mock data 2`] = `
<div
  className="css-0"
>
  <h2
    className="chakra-text css-0"
  >
    Autumn Roadtrip
  </h2>
  <p
    className="chakra-text css-0"
  >
    1 country, 14 days
  </p>
  <div
    className="chakra-stack css-0"
  >
    <p
      className="chakra-text css-0"
    >
      Emissions offset:
    </p>
    <p
      className="chakra-text css-0"
    >
      3.56 t
       CO
      <sub>
        2
      </sub>
      e
    </p>
  </div>
  <div
    className="chakra-stack css-0"
  >
    <p
      className="chakra-text css-0"
    >
      Trip rating
    </p>
    <div
      className="chakra-stack css-0"
    >
      <div
        className="chakra-stack css-0"
      >
        <svg
          aria-hidden={true}
          className="MuiSvgIcon-root MuiSvgIcon-fontSizeMedium css-i4bv87-MuiSvgIcon-root"
          data-testid="StarIcon"
          focusable="false"
          viewBox="0 0 24 24"
        >
          <path
            d="M12 17.27 18.18 21l-1.64-7.03L22 9.24l-7.19-.61L12 2 9.19 8.63 2 9.24l5.46 4.73L5.82 21z"
          />
        </svg>
        <svg
          aria-hidden={true}
          className="MuiSvgIcon-root MuiSvgIcon-fontSizeMedium css-i4bv87-MuiSvgIcon-root"
          data-testid="StarIcon"
          focusable="false"
          viewBox="0 0 24 24"
        >
          <path
            d="M12 17.27 18.18 21l-1.64-7.03L22 9.24l-7.19-.61L12 2 9.19 8.63 2 9.24l5.46 4.73L5.82 21z"
          />
        </svg>
        <svg
          aria-hidden={true}
          className="MuiSvgIcon-root MuiSvgIcon-fontSizeMedium css-i4bv87-MuiSvgIcon-root"
          data-testid="StarIcon"
          focusable="false"
          viewBox="0 0 24 24"
        >
          <path
            d="M12 17.27 18.18 21l-1.64-7.03L22 9.24l-7.19-.61L12 2 9.19 8.63 2 9.24l5.46 4.73L5.82 21z"
          />
        </svg>
        <svg
          aria-hidden={true}
          className="MuiSvgIcon-root MuiSvgIcon-fontSizeMedium css-i4bv87-MuiSvgIcon-root"
          data-testid="StarIcon"
          focusable="false"
          viewBox="0 0 24 24"
        >
          <path
            d="M12 17.27 18.18 21l-1.64-7.03L22 9.24l-7.19-.61L12 2 9.19 8.63 2 9.24l5.46 4.73L5.82 21z"
          />
        </svg>
        <svg
          aria-hidden={true}
          className="MuiSvgIcon-root MuiSvgIcon-fontSizeMedium css-i4bv87-MuiSvgIcon-root"
          data-testid="StarIcon"
          focusable="false"
          viewBox="0 0 24 24"
        >
          <path
            d="M12 17.27 18.18 21l-1.64-7.03L22 9.24l-7.19-.61L12 2 9.19 8.63 2 9.24l5.46 4.73L5.82 21z"
          />
        </svg>
      </div>
      <p
        className="chakra-text css-0"
      >
        4.7
      </p>
    </div>
  </div>
</div>
`;

exports[`Link changes the class when hovered 1`] = `
<div
  className="css-0"
>
  <h2
    className="chakra-text css-0"
  >
    Autumn Roadtrip
  </h2>
  <p
    className="chakra-text css-0"
  >
    1 country, 14 days
  </p>
  <div
    className="chakra-stack css-0"
  >
    <p
      className="chakra-text css-0"
    >
      Emissions offset:
    </p>
    <p
      className="chakra-text css-0"
    >
      3.56 t
       CO
      <sub>
        2
      </sub>
      e
    </p>
  </div>
  <div
    className="chakra-stack css-0"
  >
    <p
      className="chakra-text css-0"
    >
      Trip rating
    </p>
    <div
      className="chakra-stack css-0"
    >
      <div
        className="chakra-stack css-0"
      >
        <svg
          aria-hidden={true}
          className="MuiSvgIcon-root MuiSvgIcon-fontSizeMedium css-i4bv87-MuiSvgIcon-root"
          data-testid="StarIcon"
          focusable="false"
          viewBox="0 0 24 24"
        >
          <path
            d="M12 17.27 18.18 21l-1.64-7.03L22 9.24l-7.19-.61L12 2 9.19 8.63 2 9.24l5.46 4.73L5.82 21z"
          />
        </svg>
        <svg
          aria-hidden={true}
          className="MuiSvgIcon-root MuiSvgIcon-fontSizeMedium css-i4bv87-MuiSvgIcon-root"
          data-testid="StarIcon"
          focusable="false"
          viewBox="0 0 24 24"
        >
          <path
            d="M12 17.27 18.18 21l-1.64-7.03L22 9.24l-7.19-.61L12 2 9.19 8.63 2 9.24l5.46 4.73L5.82 21z"
          />
        </svg>
        <svg
          aria-hidden={true}
          className="MuiSvgIcon-root MuiSvgIcon-fontSizeMedium css-i4bv87-MuiSvgIcon-root"
          data-testid="StarIcon"
          focusable="false"
          viewBox="0 0 24 24"
        >
          <path
            d="M12 17.27 18.18 21l-1.64-7.03L22 9.24l-7.19-.61L12 2 9.19 8.63 2 9.24l5.46 4.73L5.82 21z"
          />
        </svg>
        <svg
          aria-hidden={true}
          className="MuiSvgIcon-root MuiSvgIcon-fontSizeMedium css-i4bv87-MuiSvgIcon-root"
          data-testid="StarIcon"
          focusable="false"
          viewBox="0 0 24 24"
        >
          <path
            d="M12 17.27 18.18 21l-1.64-7.03L22 9.24l-7.19-.61L12 2 9.19 8.63 2 9.24l5.46 4.73L5.82 21z"
          />
        </svg>
        <svg
          aria-hidden={true}
          className="MuiSvgIcon-root MuiSvgIcon-fontSizeMedium css-i4bv87-MuiSvgIcon-root"
          data-testid="StarIcon"
          focusable="false"
          viewBox="0 0 24 24"
        >
          <path
            d="M12 17.27 18.18 21l-1.64-7.03L22 9.24l-7.19-.61L12 2 9.19 8.63 2 9.24l5.46 4.73L5.82 21z"
          />
        </svg>
      </div>
      <p
        className="chakra-text css-0"
      >
        4.7
      </p>
    </div>
  </div>
</div>
`;

exports[`Link changes the class when hovered 2`] = `
<div
  className="css-0"
>
  <h2
    className="chakra-text css-0"
  >
    Autumn Roadtrip
  </h2>
  <p
    className="chakra-text css-0"
  >
    1 country, 14 days
  </p>
  <div
    className="chakra-stack css-0"
  >
    <p
      className="chakra-text css-0"
    >
      Emissions offset:
    </p>
    <p
      className="chakra-text css-0"
    >
      3.56 t
       CO
      <sub>
        2
      </sub>
      e
    </p>
  </div>
  <div
    className="chakra-stack css-0"
  >
    <p
      className="chakra-text css-0"
    >
      Trip rating
    </p>
    <div
      className="chakra-stack css-0"
    >
      <div
        className="chakra-stack css-0"
      >
        <svg
          aria-hidden={true}
          className="MuiSvgIcon-root MuiSvgIcon-fontSizeMedium css-i4bv87-MuiSvgIcon-root"
          data-testid="StarIcon"
          focusable="false"
          viewBox="0 0 24 24"
        >
          <path
            d="M12 17.27 18.18 21l-1.64-7.03L22 9.24l-7.19-.61L12 2 9.19 8.63 2 9.24l5.46 4.73L5.82 21z"
          />
        </svg>
        <svg
          aria-hidden={true}
          className="MuiSvgIcon-root MuiSvgIcon-fontSizeMedium css-i4bv87-MuiSvgIcon-root"
          data-testid="StarIcon"
          focusable="false"
          viewBox="0 0 24 24"
        >
          <path
            d="M12 17.27 18.18 21l-1.64-7.03L22 9.24l-7.19-.61L12 2 9.19 8.63 2 9.24l5.46 4.73L5.82 21z"
          />
        </svg>
        <svg
          aria-hidden={true}
          className="MuiSvgIcon-root MuiSvgIcon-fontSizeMedium css-i4bv87-MuiSvgIcon-root"
          data-testid="StarIcon"
          focusable="false"
          viewBox="0 0 24 24"
        >
          <path
            d="M12 17.27 18.18 21l-1.64-7.03L22 9.24l-7.19-.61L12 2 9.19 8.63 2 9.24l5.46 4.73L5.82 21z"
          />
        </svg>
        <svg
          aria-hidden={true}
          className="MuiSvgIcon-root MuiSvgIcon-fontSizeMedium css-i4bv87-MuiSvgIcon-root"
          data-testid="StarIcon"
          focusable="false"
          viewBox="0 0 24 24"
        >
          <path
            d="M12 17.27 18.18 21l-1.64-7.03L22 9.24l-7.19-.61L12 2 9.19 8.63 2 9.24l5.46 4.73L5.82 21z"
          />
        </svg>
        <svg
          aria-hidden={true}
          className="MuiSvgIcon-root MuiSvgIcon-fontSizeMedium css-i4bv87-MuiSvgIcon-root"
          data-testid="StarIcon"
          focusable="false"
          viewBox="0 0 24 24"
        >
          <path
            d="M12 17.27 18.18 21l-1.64-7.03L22 9.24l-7.19-.61L12 2 9.19 8.63 2 9.24l5.46 4.73L5.82 21z"
          />
        </svg>
      </div>
      <p
        className="chakra-text css-0"
      >
        4.7
      </p>
    </div>
  </div>
</div>
`;

exports[`Link changes the class when hovered 3`] = `
<div
  className="css-0"
>
  <h2
    className="chakra-text css-0"
  >
    Autumn Roadtrip
  </h2>
  <p
    className="chakra-text css-0"
  >
    1 country, 14 days
  </p>
  <div
    className="chakra-stack css-0"
  >
    <p
      className="chakra-text css-0"
    >
      Emissions offset:
    </p>
    <p
      className="chakra-text css-0"
    >
      3.56 t
       CO
      <sub>
        2
      </sub>
      e
    </p>
  </div>
  <div
    className="chakra-stack css-0"
  >
    <p
      className="chakra-text css-0"
    >
      Trip rating
    </p>
    <div
      className="chakra-stack css-0"
    >
      <div
        className="chakra-stack css-0"
      >
        <svg
          aria-hidden={true}
          className="MuiSvgIcon-root MuiSvgIcon-fontSizeMedium css-i4bv87-MuiSvgIcon-root"
          data-testid="StarIcon"
          focusable="false"
          viewBox="0 0 24 24"
        >
          <path
            d="M12 17.27 18.18 21l-1.64-7.03L22 9.24l-7.19-.61L12 2 9.19 8.63 2 9.24l5.46 4.73L5.82 21z"
          />
        </svg>
        <svg
          aria-hidden={true}
          className="MuiSvgIcon-root MuiSvgIcon-fontSizeMedium css-i4bv87-MuiSvgIcon-root"
          data-testid="StarIcon"
          focusable="false"
          viewBox="0 0 24 24"
        >
          <path
            d="M12 17.27 18.18 21l-1.64-7.03L22 9.24l-7.19-.61L12 2 9.19 8.63 2 9.24l5.46 4.73L5.82 21z"
          />
        </svg>
        <svg
          aria-hidden={true}
          className="MuiSvgIcon-root MuiSvgIcon-fontSizeMedium css-i4bv87-MuiSvgIcon-root"
          data-testid="StarIcon"
          focusable="false"
          viewBox="0 0 24 24"
        >
          <path
            d="M12 17.27 18.18 21l-1.64-7.03L22 9.24l-7.19-.61L12 2 9.19 8.63 2 9.24l5.46 4.73L5.82 21z"
          />
        </svg>
        <svg
          aria-hidden={true}
          className="MuiSvgIcon-root MuiSvgIcon-fontSizeMedium css-i4bv87-MuiSvgIcon-root"
          data-testid="StarIcon"
          focusable="false"
          viewBox="0 0 24 24"
        >
          <path
            d="M12 17.27 18.18 21l-1.64-7.03L22 9.24l-7.19-.61L12 2 9.19 8.63 2 9.24l5.46 4.73L5.82 21z"
          />
        </svg>
        <svg
          aria-hidden={true}
          className="MuiSvgIcon-root MuiSvgIcon-fontSizeMedium css-i4bv87-MuiSvgIcon-root"
          data-testid="StarIcon"
          focusable="false"
          viewBox="0 0 24 24"
        >
          <path
            d="M12 17.27 18.18 21l-1.64-7.03L22 9.24l-7.19-.61L12 2 9.19 8.63 2 9.24l5.46 4.73L5.82 21z"
          />
        </svg>
      </div>
      <p
        className="chakra-text css-0"
      >
        4.7
      </p>
    </div>
  </div>
</div>
`;
